// Jest Snapshot v1, https://goo.gl/fbAQLP

exports[`components/card should render component with default props - create snapshot 1`] = `
{
  "asFragment": [Function],
  "baseElement": <body>
    <div>
      <div
        class="flex flex-col justify-center items-center bg-gray-800 rounded-lg p-4 hover:bg-gray-700 transition duration-200 cursor-pointer"
      >
        <img
          alt="image-url"
          class="w-32 h-32 rounded-full object-cover object-center border-4 border-gray-700"
          height="128"
          loading="lazy"
          src="image-url"
          width="128"
        />
        <p
          class="text-center font-bold text-white mt-3"
        >
          bulldog
        </p>
      </div>
    </div>
  </body>,
  "container": <div>
    <div
      class="flex flex-col justify-center items-center bg-gray-800 rounded-lg p-4 hover:bg-gray-700 transition duration-200 cursor-pointer"
    >
      <img
        alt="image-url"
        class="w-32 h-32 rounded-full object-cover object-center border-4 border-gray-700"
        height="128"
        loading="lazy"
        src="image-url"
        width="128"
      />
      <p
        class="text-center font-bold text-white mt-3"
      >
        bulldog
      </p>
    </div>
  </div>,
  "debug": [Function],
  "findAllByAltText": [Function],
  "findAllByDisplayValue": [Function],
  "findAllByLabelText": [Function],
  "findAllByPlaceholderText": [Function],
  "findAllByRole": [Function],
  "findAllByTestId": [Function],
  "findAllByText": [Function],
  "findAllByTitle": [Function],
  "findByAltText": [Function],
  "findByDisplayValue": [Function],
  "findByLabelText": [Function],
  "findByPlaceholderText": [Function],
  "findByRole": [Function],
  "findByTestId": [Function],
  "findByText": [Function],
  "findByTitle": [Function],
  "getAllByAltText": [Function],
  "getAllByDisplayValue": [Function],
  "getAllByLabelText": [Function],
  "getAllByPlaceholderText": [Function],
  "getAllByRole": [Function],
  "getAllByTestId": [Function],
  "getAllByText": [Function],
  "getAllByTitle": [Function],
  "getByAltText": [Function],
  "getByDisplayValue": [Function],
  "getByLabelText": [Function],
  "getByPlaceholderText": [Function],
  "getByRole": [Function],
  "getByTestId": [Function],
  "getByText": [Function],
  "getByTitle": [Function],
  "queryAllByAltText": [Function],
  "queryAllByDisplayValue": [Function],
  "queryAllByLabelText": [Function],
  "queryAllByPlaceholderText": [Function],
  "queryAllByRole": [Function],
  "queryAllByTestId": [Function],
  "queryAllByText": [Function],
  "queryAllByTitle": [Function],
  "queryByAltText": [Function],
  "queryByDisplayValue": [Function],
  "queryByLabelText": [Function],
  "queryByPlaceholderText": [Function],
  "queryByRole": [Function],
  "queryByTestId": [Function],
  "queryByText": [Function],
  "queryByTitle": [Function],
  "rerender": [Function],
  "unmount": [Function],
}
`;
